// Vitest Snapshot v1

exports[`InputText component > should match snapshot 1`] = `
<DocumentFragment>
  <div
    class="flex flex-col"
  >
    <label
      class="uppercase text-gray-900 text-xs -mb-6 ml-2 z-10"
    >
      Test
    </label>
    <input
      class="bg-gray-100 rounded border-0 pt-8 "
      required=""
      type="text"
    />
  </div>
</DocumentFragment>
`;
